==5058== Memcheck, a memory error detector
==5058== Copyright (C) 2002-2022, and GNU GPL'd, by Julian Seward et al.
==5058== Using Valgrind-3.22.0 and LibVEX; rerun with -h for copyright info
==5058== Command: /work/neovim/build/bin/nvim --headless -u NONE -l /work/workload.lua
==5058== Parent PID: 5052
==5058== 
==5058== 
==5058== HEAP SUMMARY:
==5058==     in use at exit: 4,505,849 bytes in 61,805 blocks
==5058==   total heap usage: 146,991 allocs, 85,186 frees, 23,900,950 bytes allocated
==5058== 
==5058== 48 bytes in 1 blocks are definitely lost in loss record 59 of 173
==5058==    at 0x4885250: malloc (in /usr/libexec/valgrind/vgpreload_memcheck-arm64-linux.so)
==5058==    by 0x4989D43: __register_frame (in /usr/lib/aarch64-linux-gnu/libgcc_s.so.1)
==5058==    by 0x648BEF: lj_err_register_mcode (lj_err.c:620)
==5058==    by 0x672DAF: mcode_allocarea (lj_mcode.c:370)
==5058==    by 0x672F73: lj_mcode_reserve (lj_mcode.c:394)
==5058==    by 0x689BA7: lj_asm_trace (lj_asm.c:2505)
==5058==    by 0x65CF6F: trace_state (lj_trace.c:744)
==5058==    by 0x6681DB: lj_vm_cpcall (in /work/neovim/build/bin/nvim)
==5058==    by 0x65D847: lj_trace_ins (lj_trace.c:776)
==5058==    by 0x64D4BB: lj_dispatch_ins (lj_dispatch.c:423)
==5058==    by 0x66964B: lj_vm_inshook (in /work/neovim/build/bin/nvim)
==5058==    by 0x3B285B: nlua_module_preloader (executor.c:683)
==5058== 
==5058== LEAK SUMMARY:
==5058==    definitely lost: 48 bytes in 1 blocks
==5058==    indirectly lost: 0 bytes in 0 blocks
==5058==      possibly lost: 194 bytes in 8 blocks
==5058==    still reachable: 4,505,607 bytes in 61,796 blocks
==5058==         suppressed: 0 bytes in 0 blocks
==5058== Reachable blocks (those to which a pointer was found) are not shown.
==5058== To see them, rerun with: --leak-check=full --show-leak-kinds=all
==5058== 
==5058== For lists of detected and suppressed errors, rerun with: -s
==5058== ERROR SUMMARY: 2 errors from 2 contexts (suppressed: 0 from 0)
